[INFO] Scanning for projects...
[INFO] 
[INFO] ----------------< com.library:LibraryManagementSystem >-----------------
[INFO] Building LibraryManagementSystem 0.0.1-SNAPSHOT
[INFO]   from pom.xml
[INFO] --------------------------------[ jar ]---------------------------------
[INFO] 
[INFO] --- clean:3.5.0:clean (default-clean) @ LibraryManagementSystem ---
[INFO] Deleting C:\Users\manoj\Project\LibraryManagementSystem\target
[INFO] 
[INFO] >>> spring-boot:4.0.4:run (default-cli) > test-compile @ LibraryManagementSystem >>>
[INFO] 
[INFO] --- resources:3.3.1:resources (default-resources) @ LibraryManagementSystem ---
[INFO] Copying 1 resource from src\main\resources to target\classes
[INFO] Copying 5 resources from src\main\resources to target\classes
[INFO] 
[INFO] --- compiler:3.14.1:compile (default-compile) @ LibraryManagementSystem ---
[INFO] Recompiling the module because of changed source code.
[INFO] Compiling 41 source files with javac [debug parameters release 17] to target\classes
WARNING: A terminally deprecated method in sun.misc.Unsafe has been called
WARNING: sun.misc.Unsafe::objectFieldOffset has been called by lombok.permit.Permit
WARNING: Please consider reporting this to the maintainers of class lombok.permit.Permit
WARNING: sun.misc.Unsafe::objectFieldOffset will be removed in a future release
[INFO] 
[INFO] --- resources:3.3.1:testResources (default-testResources) @ LibraryManagementSystem ---
[INFO] skip non existing resourceDirectory C:\Users\manoj\Project\LibraryManagementSystem\src\test\resources
[INFO] 
[INFO] --- compiler:3.14.1:testCompile (default-testCompile) @ LibraryManagementSystem ---
[INFO] Recompiling the module because of changed dependency.
[INFO] Compiling 1 source file with javac [debug parameters release 17] to target\test-classes
[INFO] 
[INFO] <<< spring-boot:4.0.4:run (default-cli) < test-compile @ LibraryManagementSystem <<<
[INFO] 
[INFO] 
[INFO] --- spring-boot:4.0.4:run (default-cli) @ LibraryManagementSystem ---
[INFO] Attaching agents: []

  .   ____          _            __ _ _
 /\\ / ___'_ __ _ _(_)_ __  __ _ \ \ \ \
( ( )\___ | '_ | '_| | '_ \/ _` | \ \ \ \
 \\/  ___)| |_)| | | | | || (_| |  ) ) ) )
  '  |____| .__|_| |_|_| |_\__, | / / / /
 =========|_|==============|___/=/_/_/_/

 :: Spring Boot ::                (v4.0.4)

2026-03-24T08:05:55.546-04:00  INFO 15332 --- [           main] c.l.LibraryManagementSystemApplication   : Starting LibraryManagementSystemApplication using Java 25.0.1 with PID 15332 (C:\Users\manoj\Project\LibraryManagementSystem\target\classes started by manoj in C:\Users\manoj\Project\LibraryManagementSystem)
2026-03-24T08:05:55.550-04:00  INFO 15332 --- [           main] c.l.LibraryManagementSystemApplication   : No active profile set, falling back to 1 default profile: "default"
2026-03-24T08:05:56.658-04:00  INFO 15332 --- [           main] .s.d.r.c.RepositoryConfigurationDelegate : Bootstrapping Spring Data JPA repositories in DEFAULT mode.
2026-03-24T08:05:56.754-04:00  INFO 15332 --- [           main] .s.d.r.c.RepositoryConfigurationDelegate : Finished Spring Data repository scanning in 84 ms. Found 5 JPA repository interfaces.
2026-03-24T08:05:57.734-04:00  INFO 15332 --- [           main] o.s.boot.tomcat.TomcatWebServer          : Tomcat initialized with port 8080 (http)
2026-03-24T08:05:57.788-04:00  INFO 15332 --- [           main] o.apache.catalina.core.StandardService   : Starting service [Tomcat]
2026-03-24T08:05:57.789-04:00  INFO 15332 --- [           main] o.apache.catalina.core.StandardEngine    : Starting Servlet engine: [Apache Tomcat/11.0.18]
2026-03-24T08:05:57.879-04:00  INFO 15332 --- [           main] b.w.c.s.WebApplicationContextInitializer : Root WebApplicationContext: initialization completed in 2231 ms
2026-03-24T08:05:58.093-04:00  INFO 15332 --- [           main] org.hibernate.orm.jpa                    : HHH008540: Processing PersistenceUnitInfo [name: default]
2026-03-24T08:05:58.175-04:00  INFO 15332 --- [           main] org.hibernate.orm.core                   : HHH000001: Hibernate ORM core version 7.2.7.Final
2026-03-24T08:05:58.762-04:00  INFO 15332 --- [           main] o.s.o.j.p.SpringPersistenceUnitInfo      : No LoadTimeWeaver setup: ignoring JPA class transformer
2026-03-24T08:05:58.799-04:00  INFO 15332 --- [           main] com.zaxxer.hikari.HikariDataSource       : HikariPool-1 - Starting...
2026-03-24T08:05:58.993-04:00  INFO 15332 --- [           main] com.zaxxer.hikari.pool.HikariPool        : HikariPool-1 - Added connection com.mysql.cj.jdbc.ConnectionImpl@6ffdbeef
2026-03-24T08:05:58.995-04:00  INFO 15332 --- [           main] com.zaxxer.hikari.HikariDataSource       : HikariPool-1 - Start completed.
2026-03-24T08:05:59.057-04:00  WARN 15332 --- [           main] org.hibernate.orm.deprecation            : HHH90000025: MySQLDialect does not need to be specified explicitly using 'hibernate.dialect' (remove the property setting and it will be selected by default)
2026-03-24T08:05:59.075-04:00  INFO 15332 --- [           main] org.hibernate.orm.connections.pooling    : HHH10001005: Database info:
	Database JDBC URL [jdbc:mysql://localhost:3306/library_db?createDatabaseIfNotExist=true&useSSL=false&allowPublicKeyRetrieval=true&serverTimezone=UTC]
	Database driver: MySQL Connector/J
	Database dialect: MySQLDialect
	Database version: 8.0.45
	Default catalog/schema: library_db/undefined
	Autocommit mode: undefined/unknown
	Isolation level: REPEATABLE_READ [default REPEATABLE_READ]
	JDBC fetch size: none
	Pool: DataSourceConnectionProvider
	Minimum pool size: undefined/unknown
	Maximum pool size: undefined/unknown
2026-03-24T08:06:00.515-04:00  INFO 15332 --- [           main] org.hibernate.orm.core                   : HHH000489: No JTA platform available (set 'hibernate.transaction.jta.platform' to enable JTA platform integration)
2026-03-24T08:06:00.617-04:00  INFO 15332 --- [           main] j.LocalContainerEntityManagerFactoryBean : Initialized JPA EntityManagerFactory for persistence unit 'default'
2026-03-24T08:06:00.711-04:00  INFO 15332 --- [           main] o.s.d.j.r.query.QueryEnhancerFactories   : Hibernate is in classpath; If applicable, HQL parser will be used.
2026-03-24T08:06:01.065-04:00  WARN 15332 --- [           main] com.library.config.TwilioConfig          : Twilio credentials not configured properly
2026-03-24T08:06:01.114-04:00  INFO 15332 --- [           main] r$InitializeUserDetailsManagerConfigurer : Global AuthenticationManager configured with UserDetailsService bean with name userDetailsServiceImpl
2026-03-24T08:06:01.361-04:00  WARN 15332 --- [           main] JpaBaseConfiguration$JpaWebConfiguration : spring.jpa.open-in-view is enabled by default. Therefore, database queries may be performed during view rendering. Explicitly configure spring.jpa.open-in-view to disable this warning
2026-03-24T08:06:01.575-04:00  INFO 15332 --- [           main] o.s.b.w.a.WelcomePageHandlerMapping      : Adding welcome page: class path resource [static/index.html]
2026-03-24T08:06:01.777-04:00  WARN 15332 --- [           main] o.s.s.c.a.web.builders.WebSecurity       : You are asking Spring Security to ignore PathPattern [/]. This is not recommended -- please use permitAll via HttpSecurity#authorizeHttpRequests instead.
2026-03-24T08:06:01.777-04:00  WARN 15332 --- [           main] o.s.s.c.a.web.builders.WebSecurity       : You are asking Spring Security to ignore PathPattern [/*.html]. This is not recommended -- please use permitAll via HttpSecurity#authorizeHttpRequests instead.
2026-03-24T08:06:01.777-04:00  WARN 15332 --- [           main] o.s.s.c.a.web.builders.WebSecurity       : You are asking Spring Security to ignore PathPattern [/css/**]. This is not recommended -- please use permitAll via HttpSecurity#authorizeHttpRequests instead.
2026-03-24T08:06:01.779-04:00  WARN 15332 --- [           main] o.s.s.c.a.web.builders.WebSecurity       : You are asking Spring Security to ignore PathPattern [/js/**]. This is not recommended -- please use permitAll via HttpSecurity#authorizeHttpRequests instead.
2026-03-24T08:06:01.779-04:00  WARN 15332 --- [           main] o.s.s.c.a.web.builders.WebSecurity       : You are asking Spring Security to ignore PathPattern [/error]. This is not recommended -- please use permitAll via HttpSecurity#authorizeHttpRequests instead.
2026-03-24T08:06:02.075-04:00  INFO 15332 --- [           main] o.s.boot.tomcat.TomcatWebServer          : Tomcat started on port 8080 (http) with context path '/'
2026-03-24T08:06:02.079-04:00  INFO 15332 --- [           main] c.l.LibraryManagementSystemApplication   : Started LibraryManagementSystemApplication in 7.529 seconds (process running for 8.38)
